<unit language="C">
	<block>
		<empty_stmt>;</empty_stmt>
	</block><cpp:ifdef>#<cpp:directive>ifdef</cpp:directive><name>A</name>
		<block>
			<empty_stmt>;</empty_stmt>
		</block></cpp:ifdef>
</unit>
